// Jest Snapshot v1, https://goo.gl/fbAQLP

exports[`MapContainer renders correctly 1`] = `
<DocumentFragment>
  <div
    class="sc-bdfBwQ fOWfBg"
  >
    <div
      style="position: relative; width: 100vw; height: 65vh; cursor: grab; outline: none;"
      tabindex="0"
    >
      <div
        style="position: relative; width: 100%; height: 100%;"
      >
        <div
          class=""
          style="position: absolute; width: 100%; height: 100%; overflow: hidden; visibility: inherit;"
        />
      </div>
    </div>
  </div>
</DocumentFragment>
`;
