// Jest Snapshot v1, https://goo.gl/fbAQLP

exports[`NavBar renders correctly 1`] = `
<DocumentFragment>
  <nav
    class="navbarContainer-0-2-1 navbar navbar-expand-md navbar-light sticky-top"
  >
    <a
      class="link-0-2-2 navbar-brand"
      href="/"
    >
      iZsk
    </a>
    <button
      aria-controls="basic-navbar-nav"
      aria-label="Toggle navigation"
      class="navbar-toggler collapsed"
      type="button"
    >
      <svg
        class="link-0-2-2"
        fill="currentColor"
        height="25"
        stroke="currentColor"
        stroke-width="0"
        viewBox="0 0 24 24"
        width="25"
        xmlns="http://www.w3.org/2000/svg"
      >
        <g>
          <path
            d="M0 0h24v24H0z"
            fill="none"
          />
          <path
            d="M3 4h18v2H3V4zm0 7h18v2H3v-2zm0 7h18v2H3v-2z"
          />
        </g>
      </svg>
    </button>
    <div
      class="link-0-2-2 navbar-collapse collapse"
      id="basic-navbar-nav"
    >
      <div
        class="mr-auto navbar-nav"
      >
        <a />
        <a
          class="link-0-2-2 nav-link"
          href="#"
          role="button"
        >
          Home
        </a>
        <a />
        <a
          class="link-0-2-2 nav-link"
          href="#"
          role="button"
        >
          About
        </a>
        <a />
        <a
          class="link-0-2-2 nav-link"
          href="#"
          role="button"
        >
          Education
        </a>
        <a />
        <a
          class="link-0-2-2 nav-link"
          href="#"
          role="button"
        >
          Experience
        </a>
        <a />
        <a
          class="link-0-2-2 nav-link"
          href="#"
          role="button"
        >
          My Offers
        </a>
        <a />
        <a
          class="link-0-2-2 nav-link"
          href="#"
          role="button"
        >
          Photography
        </a>
        <a />
        <a
          class="link-0-2-2 nav-link"
          href="#"
          role="button"
        >
          Contact
        </a>
      </div>
    </div>
  </nav>
</DocumentFragment>
`;
